.next/dev/types/validator.ts(6,59): error TS2307: Cannot find module 'next/types.js' or its corresponding type declarations.
.next/types/validator.ts(6,59): error TS2307: Cannot find module 'next/types.js' or its corresponding type declarations.
